// Jest Snapshot v1, https://goo.gl/fbAQLP

exports[`Grid matches snapshot 1`] = `
<div
  class="flex flex-col md:flex-row justify-around md:justify-evenly items-center md:items-start mt-4 md:my-24"
>
  <div>
    <form>
      <div
        class="border-4 my-1 p-1 pt-2 rounded-lg"
      >
        <input
          checked="checked"
          id="infection-radio"
          name="action"
          type="radio"
          value="infection"
        />
         
        <label
          class="text-lg"
          for="infection-radio"
        >
          Infection
        </label>
      </div>
       
      <div
        class="border-4 my-1 p-1 pt-2 rounded-lg"
      >
        <input
          id="immune-radio"
          name="action"
          type="radio"
          value="immune"
        />
         
        <label
          class="text-lg"
          for="immune-radio"
        >
          Immune
        </label>
      </div>
    </form>
  </div>
   
  <div
    class="max-w-3/4"
  />
   
  <div>
    <button
      class="button-md text-lg"
    >
      
      Simulate Pandemic
    
    </button>
     
    <button
      class="button-md text-lg my-6"
    >
      
      Reset
    
    </button>
     
    <!---->
     
    <!---->
  </div>
</div>
`;
