// Jest Snapshot v1, https://goo.gl/fbAQLP

exports[`HotSprings matches snapshot 1`] = `
<section>
  <h2
    class="text-2xl m-auto mb-8 max-w-5/6"
  >
    
    Please enter your desired 2-D grid size:
  
  </h2>
   
  <form>
    <label
      class="text-lg block"
      for="height"
    >
      Height:
    </label>
     
    <input
      class="text-lg border-2 rounded my-2 p-1"
      id="height"
      type="number"
    />
     
    <label
      class="text-lg block"
      for="width"
    >
      Width:
    </label>
     
    <input
      class="text-lg border-2 rounded my-2 p-1"
      id="width"
      type="number"
    />
     
    <button
      class="button-lg mt-4"
    >
      Create Grid
    </button>
     
    <p
      class="opacity-0 hidden transition-all duration-1000 ease-in-out bg-red-200 mx-auto my-6 max-w-3/4 md:max-w-1/2 md:h-20 h-16 flex justify-center items-center rounded-lg"
    >
      
      false
    
    </p>
     
    <!---->
  </form>
</section>
`;
